// Jest Snapshot v1, https://goo.gl/fbAQLP

exports[`<Search /> render should render <SearchIcon> and an <input> components 1`] = `
.search {
  position: relative;
  width: 100%;
}

.searchIcon {
  -webkit-box-pack: center;
  -ms-flex-pack: center;
  -webkit-box-align: center;
  -ms-flex-align: center;
  width: 27px;
  height: 100%;
  position: absolute;
  pointer-events: none;
  display: -webkit-box;
  display: -moz-box;
  display: -ms-flexbox;
  display: -webkit-flex;
  display: flex;
  -webkit-align-items: center;
  align-items: center;
  -webkit-justify-content: center;
  justify-content: center;
  margin-left: 5px;
  fill: #29434e;
}

.input {
  color: inherit;
  padding-top: 3px;
  padding-right: 3px;
  padding-bottom: 3px;
  padding-left: 33px;
  width: 100%;
  border-radius: 3px;
  border: 1px solid #eee;
  font-size: 14px;
}

<div
  className="search"
>
  <div
    className="searchIcon"
  >
    <svg
      height={24}
      viewBox="0 0 24 24"
      width={24}
      xmlns="http://www.w3.org/2000/svg"
    >
      <path
        d="M15.5 14h-.79l-.28-.27C15.41 12.59 16 11.11 16 9.5 16 5.91 13.09 3 9.5 3S3 5.91 3 9.5 5.91 16 9.5 16c1.61 0 3.09-.59 4.23-1.57l.27.28v.79l5 4.99L20.49 19l-4.99-5zm-6 0C7.01 14 5 11.99 5 9.5S7.01 5 9.5 5 14 7.01 14 9.5 11.99 14 9.5 14z"
      />
      <path
        d="M0 0h24v24H0z"
        fill="none"
      />
    </svg>
  </div>
  <input
    className="input"
    name="search"
    onChange={[Function]}
    placeholder="Searchâ€¦"
    type="text"
    value=""
  />
</div>
`;
