// Jest Snapshot v1, https://goo.gl/fbAQLP

exports[`<PaginatorToolkit /> render should render a .paginator_toolkit wrapper with a <Search> and a <Filter> components 1`] = `
<div
  className="paginator__toolkit"
>
  <div
    className="paginator__toolkit__item"
  >
    <div
      className="Search-search-1"
    >
      <div
        className="Search-searchIcon-2"
      >
        <svg
          aria-hidden="true"
          className="MuiSvgIcon-root-5"
          focusable="false"
          role="presentation"
          viewBox="0 0 24 24"
        >
          <path
            d="M15.5 14h-.79l-.28-.27C15.41 12.59 16 11.11 16 9.5 16 5.91 13.09 3 9.5 3S3 5.91 3 9.5 5.91 16 9.5 16c1.61 0 3.09-.59 4.23-1.57l.27.28v.79l5 4.99L20.49 19l-4.99-5zm-6 0C7.01 14 5 11.99 5 9.5S7.01 5 9.5 5 14 7.01 14 9.5 11.99 14 9.5 14z"
          />
          <path
            d="M0 0h24v24H0z"
            fill="none"
          />
        </svg>
      </div>
      <div
        className="MuiInputBase-root-27 MuiInput-root-14 Search-inputRoot-3 MuiInput-underline-18"
        onClick={[Function]}
      >
        <input
          className="MuiInputBase-input-37 MuiInput-input-22 Search-inputInput-4"
          name="search"
          onBlur={[Function]}
          onChange={[Function]}
          onFocus={[Function]}
          placeholder="Searchâ€¦"
          type="text"
          value=""
        />
      </div>
    </div>
  </div>
  <div
    className="paginator__toolkit__item"
  >
    <div
      className="MuiFormControl-root-44"
      style={
        Object {
          "width": 100,
        }
      }
    >
      <label
        className="MuiFormLabel-root-59 MuiInputLabel-root-48 MuiInputLabel-formControl-53 MuiInputLabel-animated-56"
        data-shrink={false}
        htmlFor="select-multiple-checkbox"
        style={
          Object {
            "left": 4,
            "top": -10,
          }
        }
      >
        Filters
      </label>
      <div
        className="MuiInputBase-root-27 MuiInput-root-14 MuiInput-underline-18 MuiInputBase-formControl-28 MuiInput-formControl-15"
        onClick={[Function]}
        style={
          Object {
            "margin": 5,
          }
        }
      >
        <div
          className="MuiSelect-root-66"
        >
          <div
            aria-haspopup="true"
            aria-pressed="false"
            className="MuiSelect-select-67 MuiSelect-selectMenu-70 MuiInputBase-input-37 MuiInput-input-22"
            id="select-filters"
            onBlur={[Function]}
            onClick={[Function]}
            onFocus={[Function]}
            onKeyDown={[Function]}
            role="button"
            tabIndex={0}
          >
            <span
              dangerouslySetInnerHTML={
                Object {
                  "__html": "&#8203;",
                }
              }
            />
          </div>
          <input
            id="select-multiple-checkbox"
            name="filters"
            placeholder="Filters"
            type="hidden"
            value=""
          />
          <svg
            aria-hidden="true"
            className="MuiSvgIcon-root-5 MuiSelect-icon-72"
            focusable="false"
            role="presentation"
            viewBox="0 0 24 24"
          >
            <path
              d="M7 10l5 5 5-5z"
            />
          </svg>
        </div>
      </div>
    </div>
  </div>
  <div
    className="paginator__toolkit__item"
  >
    <div
      className="MuiFormControl-root-44"
      style={
        Object {
          "width": 140,
        }
      }
    >
      <label
        className="MuiFormLabel-root-59 MuiInputLabel-root-48 MuiInputLabel-formControl-53 MuiInputLabel-animated-56"
        data-shrink={false}
        htmlFor="select-multiple-checkbox"
        style={
          Object {
            "left": 4,
            "top": -10,
          }
        }
      >
        Hide Columns
      </label>
      <div
        className="MuiInputBase-root-27 MuiInput-root-14 MuiInput-underline-18 MuiInputBase-formControl-28 MuiInput-formControl-15"
        onClick={[Function]}
        style={
          Object {
            "margin": 5,
          }
        }
      >
        <div
          className="MuiSelect-root-66"
        >
          <div
            aria-haspopup="true"
            aria-pressed="false"
            className="MuiSelect-select-67 MuiSelect-selectMenu-70 MuiInputBase-input-37 MuiInput-input-22"
            id="select-hideColumns"
            onBlur={[Function]}
            onClick={[Function]}
            onFocus={[Function]}
            onKeyDown={[Function]}
            role="button"
            tabIndex={0}
          >
            <span
              dangerouslySetInnerHTML={
                Object {
                  "__html": "&#8203;",
                }
              }
            />
          </div>
          <input
            id="select-multiple-checkbox"
            name="hideColumns"
            placeholder="Filters"
            type="hidden"
            value=""
          />
          <svg
            aria-hidden="true"
            className="MuiSvgIcon-root-5 MuiSelect-icon-72"
            focusable="false"
            role="presentation"
            viewBox="0 0 24 24"
          >
            <path
              d="M7 10l5 5 5-5z"
            />
          </svg>
        </div>
      </div>
    </div>
  </div>
</div>
`;
